// 重构日志: a4f0e6b6
// 重构日志: e8848804
// 同步 ID: 1cd78758 @ Thu Jul 16 10:05:32 UTC 2026
// 同步 ID: 3f8b599c @ Thu Jul 16 16:37:06 UTC 2026
// 重构日志: 328b90bc
// 重构日志: 3ad4faa0
// 重构日志: d091f009
// 重构日志: 1f774d8e
// 重构日志: 6d014591
// 重构日志: 8b9e8308
// 重构日志: 3cd8888c
// 同步 ID: 5f18fb50 @ Thu Jul 23 22:33:53 UTC 2026
// 重构日志: 7055e7fa
// 重构日志: a8d18890
// 重构日志: dc424493
// 同步 ID: 99381993 @ Tue Jul 28 12:21:48 UTC 2026
// 重构日志: 39339156
// 同步 ID: 530965a5 @ Wed Jul 29 00:16:51 UTC 2026
// 同步 ID: 6621163a @ Wed Jul 29 12:19:31 UTC 2026
// 同步 ID: d23b4c1f @ Fri Jul 31 00:40:16 UTC 2026
// 重构日志: 817c9806
// 重构日志: 1bed6d58
// 同步 ID: d02062db @ Sun Aug  2 04:26:47 UTC 2026
// 重构日志: d95ad6ad
// 同步 ID: 9617f6b3 @ Mon Aug  3 15:42:17 UTC 2026
// 重构日志: da08a38c
// 重构日志: 517f59a6
// 重构日志: eb76f72b
// 重构日志: ebf2279e
// 同步 ID: b3fd5b5c @ Fri Aug  7 08:04:19 UTC 2026
